<html>
<body>
<pre>
<h1>µVision Build Log</h1>
<h2>Tool Versions:</h2>
IDE-Version: ¦ÌVision V5.14.0.0
Copyright (C) 2015 ARM Ltd and ARM Germany GmbH. All rights reserved.
License Information: bos Administrator, bos, LIC=65ISZ-JW8R4-FWW2N-Y2EZT-8HHEV-B481P
 
Tool Versions:
Toolchain:       MDK-ARM Standard  Version: 5.14.0.0
Toolchain Path:  E:\E_Program File\MDK5\ARM\ARMCC\Bin
C Compiler:      Armcc.exe V5.05 update 1 (build 106)
Assembler:       Armasm.exe V5.05 update 1 (build 106)
Linker/Locator:  ArmLink.exe V5.05 update 1 (build 106)
Library Manager: ArmAr.exe V5.05 update 1 (build 106)
Hex Converter:   FromElf.exe V5.05 update 1 (build 106)
CPU DLL:         SARMCM3.DLL V5.14.0.0
Dialog DLL:      DARMSTM.DLL V1.65.0.0
Target DLL:      STLink\ST-LINKIII-KEIL_SWO.dll V2.0.14.0_KEIL
Dialog DLL:      TARMSTM.DLL V1.64.0.0
 
<h2>Project:</h2>
D:\Users\Desktop\motorfirst\user\template.uvprojx
Project File Date:  06/14/2022

<h2>Output:</h2>
Build target 'Target 1'
compiling misc.c...
compiling stm32f10x_adc.c...
compiling stm32f10x_bkp.c...
compiling stm32f10x_can.c...
compiling stm32f10x_cec.c...
compiling stm32f10x_crc.c...
compiling stm32f10x_dac.c...
compiling stm32f10x_dbgmcu.c...
compiling stm32f10x_dma.c...
compiling stm32f10x_exti.c...
compiling stm32f10x_flash.c...
compiling stm32f10x_fsmc.c...
compiling stm32f10x_gpio.c...
compiling stm32f10x_i2c.c...
compiling stm32f10x_iwdg.c...
compiling stm32f10x_pwr.c...
compiling stm32f10x_rcc.c...
compiling stm32f10x_rtc.c...
compiling stm32f10x_sdio.c...
compiling stm32f10x_spi.c...
compiling stm32f10x_tim.c...
compiling stm32f10x_usart.c...
compiling stm32f10x_wwdg.c...
compiling delay.c...
compiling sys.c...
..\system\sys\sys.c(148): warning:  #1-D: last line of file ends without a newline
  }
..\system\sys\sys.c: 1 warning, 0 errors
compiling usart.c...
compiling system_stm32f10x.c...
compiling stm32f10x_it.c...
compiling main.c...
main.c(49): warning:  #128-D: loop is not reachable
        while(1)
main.c(36): warning:  #550-D: variable "str" was set but never used
        u8 *str=0;
main.c(173): warning:  #1-D: last line of file ends without a newline
  }
main.c: 3 warnings, 0 errors
compiling core_cm3.c...
assembling startup_stm32f10x_hd.s...
compiling morot.c...
compiling remote.c...
linking...
Program Size: Code=10848 RO-data=336 RW-data=84 ZI-data=1836  
FromELF: creating hex file...
"..\obj\template.axf" - 0 Error(s), 4 Warning(s).

<h2>Collection of Component include folders:</h2>
  D:\Users\Desktop\motorfirst\user\RTE
  E:\E_Program File\MDK5\ARM\PACK\Keil\STM32F1xx_DFP\1.0.5\Device\Include

<h2>Collection of Component Files used:</h2>
</pre>
</body>
</html>
